test2022-06-06T18:55:30+00:00
